

================================================================
== Vitis HLS Report for 'ByteSub_ShiftRow'
================================================================
* Date:           Sat Apr 17 15:33:52 2021

* Version:        2020.2.2 (Build 3118627 on Tue Feb  9 05:13:49 MST 2021)
* Project:        aes_hls
* Solution:       solution1 (Vivado IP Flow Target)
* Product family: zynq
* Target device:  xc7z020-clg484-1


================================================================
== Performance Estimates
================================================================
+ Timing: 
    * Summary: 
    +--------+----------+----------+------------+
    |  Clock |  Target  | Estimated| Uncertainty|
    +--------+----------+----------+------------+
    |ap_clk  |  10.00 ns|  5.576 ns|     2.70 ns|
    +--------+----------+----------+------------+

+ Latency: 
    * Summary: 
    +---------+---------+-----------+----------+-----+-----+---------+
    |  Latency (cycles) |  Latency (absolute)  |  Interval | Pipeline|
    |   min   |   max   |    min    |    max   | min | max |   Type  |
    +---------+---------+-----------+----------+-----+-----+---------+
    |        1|       30|  10.000 ns|  0.300 us|    1|   30|     none|
    +---------+---------+-----------+----------+-----+-----+---------+

    + Detail: 
        * Instance: 
        N/A

        * Loop: 
        N/A



================================================================
== Utilization Estimates
================================================================
* Summary: 
+-----------------+---------+-----+--------+-------+-----+
|       Name      | BRAM_18K| DSP |   FF   |  LUT  | URAM|
+-----------------+---------+-----+--------+-------+-----+
|DSP              |        -|    -|       -|      -|    -|
|Expression       |        -|    -|       -|      -|    -|
|FIFO             |        -|    -|       -|      -|    -|
|Instance         |        -|    -|       -|      -|    -|
|Memory           |        1|    -|       0|      0|    -|
|Multiplexer      |        -|    -|       -|   1457|    -|
|Register         |        -|    -|     283|      -|    -|
+-----------------+---------+-----+--------+-------+-----+
|Total            |        1|    0|     283|   1457|    0|
+-----------------+---------+-----+--------+-------+-----+
|Available        |      280|  220|  106400|  53200|    0|
+-----------------+---------+-----+--------+-------+-----+
|Utilization (%)  |       ~0|    0|      ~0|      2|    0|
+-----------------+---------+-----+--------+-------+-----+

+ Detail: 
    * Instance: 
    N/A

    * DSP: 
    N/A

    * Memory: 
    +--------+------------------+---------+---+----+-----+------+-----+------+-------------+
    | Memory |      Module      | BRAM_18K| FF| LUT| URAM| Words| Bits| Banks| W*Bits*Banks|
    +--------+------------------+---------+---+----+-----+------+-----+------+-------------+
    |Sbox_U  |KeySchedule_Sbox  |        1|  0|   0|    0|   256|    8|     1|         2048|
    +--------+------------------+---------+---+----+-----+------+-----+------+-------------+
    |Total   |                  |        1|  0|   0|    0|   256|    8|     1|         2048|
    +--------+------------------+---------+---+----+-----+------+-----+------+-------------+

    * FIFO: 
    N/A

    * Expression: 
    N/A

    * Multiplexer: 
    +------------------+-----+-----------+-----+-----------+
    |       Name       | LUT | Input Size| Bits| Total Bits|
    +------------------+-----+-----------+-----+-----------+
    |Sbox_address0     |  197|         45|    8|        360|
    |Sbox_address1     |  130|         29|    8|        232|
    |ap_NS_fsm         |  369|         76|    1|         76|
    |reg_1311          |    9|          2|    8|         16|
    |reg_1316          |    9|          2|    8|         16|
    |reg_1321          |    9|          2|    8|         16|
    |reg_1326          |    9|          2|    8|         16|
    |reg_1331          |    9|          2|    8|         16|
    |reg_1336          |    9|          2|    8|         16|
    |reg_1341          |    9|          2|    8|         16|
    |reg_1346          |    9|          2|    8|         16|
    |reg_1351          |    9|          2|    8|         16|
    |reg_1356          |    9|          2|    8|         16|
    |reg_1369          |    9|          2|    8|         16|
    |statemt_address0  |  321|         70|    5|        350|
    |statemt_address1  |  313|         69|    5|        345|
    |statemt_d0        |   14|          3|    8|         24|
    |statemt_d1        |   14|          3|    8|         24|
    +------------------+-----+-----------+-----+-----------+
    |Total             | 1457|        317|  131|       1587|
    +------------------+-----+-----------+-----+-----------+

    * Register: 
    +--------------------------+----+----+-----+-----------+
    |           Name           | FF | LUT| Bits| Const Bits|
    +--------------------------+----+----+-----+-----------+
    |ap_CS_fsm                 |  75|   0|   75|          0|
    |reg_1311                  |   8|   0|    8|          0|
    |reg_1316                  |   8|   0|    8|          0|
    |reg_1321                  |   8|   0|    8|          0|
    |reg_1326                  |   8|   0|    8|          0|
    |reg_1331                  |   8|   0|    8|          0|
    |reg_1336                  |   8|   0|    8|          0|
    |reg_1341                  |   8|   0|    8|          0|
    |reg_1346                  |   8|   0|    8|          0|
    |reg_1351                  |   8|   0|    8|          0|
    |reg_1356                  |   8|   0|    8|          0|
    |reg_1361                  |   8|   0|    8|          0|
    |reg_1365                  |   8|   0|    8|          0|
    |reg_1369                  |   8|   0|    8|          0|
    |reg_1374                  |   8|   0|    8|          0|
    |statemt_load_67_reg_1853  |   8|   0|    8|          0|
    |statemt_load_68_reg_1858  |   8|   0|    8|          0|
    |statemt_load_69_reg_1873  |   8|   0|    8|          0|
    |statemt_load_70_reg_1878  |   8|   0|    8|          0|
    |statemt_load_71_reg_1893  |   8|   0|    8|          0|
    |statemt_load_72_reg_1898  |   8|   0|    8|          0|
    |statemt_load_73_reg_1913  |   8|   0|    8|          0|
    |statemt_load_74_reg_1918  |   8|   0|    8|          0|
    |statemt_load_75_reg_1928  |   8|   0|    8|          0|
    |statemt_load_76_reg_1933  |   8|   0|    8|          0|
    |statemt_load_77_reg_1948  |   8|   0|    8|          0|
    |statemt_load_78_reg_1953  |   8|   0|    8|          0|
    +--------------------------+----+----+-----+-----------+
    |Total                     | 283|   0|  283|          0|
    +--------------------------+----+----+-----+-----------+



================================================================
== Interface
================================================================
* Summary: 
+------------------+-----+-----+------------+------------------+--------------+
|     RTL Ports    | Dir | Bits|  Protocol  |   Source Object  |    C Type    |
+------------------+-----+-----+------------+------------------+--------------+
|ap_clk            |   in|    1|  ap_ctrl_hs|  ByteSub_ShiftRow|  return value|
|ap_rst            |   in|    1|  ap_ctrl_hs|  ByteSub_ShiftRow|  return value|
|ap_start          |   in|    1|  ap_ctrl_hs|  ByteSub_ShiftRow|  return value|
|ap_done           |  out|    1|  ap_ctrl_hs|  ByteSub_ShiftRow|  return value|
|ap_idle           |  out|    1|  ap_ctrl_hs|  ByteSub_ShiftRow|  return value|
|ap_ready          |  out|    1|  ap_ctrl_hs|  ByteSub_ShiftRow|  return value|
|statemt_address0  |  out|    5|   ap_memory|           statemt|         array|
|statemt_ce0       |  out|    1|   ap_memory|           statemt|         array|
|statemt_we0       |  out|    1|   ap_memory|           statemt|         array|
|statemt_d0        |  out|    8|   ap_memory|           statemt|         array|
|statemt_q0        |   in|    8|   ap_memory|           statemt|         array|
|statemt_address1  |  out|    5|   ap_memory|           statemt|         array|
|statemt_ce1       |  out|    1|   ap_memory|           statemt|         array|
|statemt_we1       |  out|    1|   ap_memory|           statemt|         array|
|statemt_d1        |  out|    8|   ap_memory|           statemt|         array|
|statemt_q1        |   in|    8|   ap_memory|           statemt|         array|
|nb                |   in|    4|     ap_none|                nb|        scalar|
+------------------+-----+-----+------------+------------------+--------------+

