

================================================================
== Synthesis Summary Report of 'aes_encrypt'
================================================================
+ General Information: 
    * Date:           Sat Apr 17 15:33:55 2021
    * Version:        2020.2.2 (Build 3118627 on Tue Feb  9 05:13:49 MST 2021)
    * Project:        aes_hls
    * Solution:       solution1 (Vivado IP Flow Target)
    * Product family: zynq
    * Target device:  xc7z020-clg484-1
    

+ Performance & Resource Estimates: 
    
    PS: '+' for module; 'o' for loop; '*' for dataflow
    +---------------------------------------+------+-------+---------+-----------+----------+---------+------+----------+---------+----+-----------+-------------+-----+
    |                Modules                | Issue|       | Latency |  Latency  | Iteration|         | Trip |          |         |    |           |             |     |
    |                & Loops                | Type | Slack | (cycles)|    (ns)   |  Latency | Interval| Count| Pipelined|  BRAM   | DSP|     FF    |     LUT     | URAM|
    +---------------------------------------+------+-------+---------+-----------+----------+---------+------+----------+---------+----+-----------+-------------+-----+
    |+ aes_encrypt                          |     -|  -0.16|        -|          -|         -|        -|     -|        no|   3 (1%)|   -|  2554 (2%)|  14685 (27%)|    -|
    | + grp_ByteSub_ShiftRow_fu_446         |     -|  -1.72|       30|    300.000|         -|       30|     -|        no|  1 (~0%)|   -|  283 (~0%)|    1457 (2%)|    -|
    | + grp_KeySchedule_fu_454              |     -|  -0.26|        -|          -|         -|        -|     -|        no|  1 (~0%)|   -|  845 (~0%)|    1124 (2%)|    -|
    |  o VITIS_LOOP_154_1_VITIS_LOOP_155_2  |     -|  -7.30|       32|    320.000|         2|        1|    32|       yes|        -|   -|          -|            -|    -|
    |  o VITIS_LOOP_161_3                   |    II|  -7.30|        -|          -|        25|        7|     -|       yes|        -|   -|          -|            -|    -|
    | + grp_MixColumn_AddRoundKey_fu_465    |     -|  -0.16|       37|    370.000|         -|       37|     -|        no|        -|   -|  138 (~0%)|     692 (1%)|    -|
    |  o VITIS_LOOP_228_1                   |    II|  -7.30|       17|    170.000|         4|        2|     8|       yes|        -|   -|          -|            -|    -|
    |  o VITIS_LOOP_281_2                   |    II|  -7.30|       16|    160.000|         3|        2|     8|       yes|        -|   -|          -|            -|    -|
    | o VITIS_LOOP_16_1                     |     -|  -7.30|       32|    320.000|         2|        1|    32|       yes|        -|   -|          -|            -|    -|
    | o VITIS_LOOP_16_1                     |     -|  -7.30|       32|    320.000|         2|        1|    32|       yes|        -|   -|          -|            -|    -|
    | o VITIS_LOOP_25_1                     |    II|  -7.30|       32|    320.000|         4|        4|     8|       yes|        -|   -|          -|            -|    -|
    | o VITIS_LOOP_167_1                    |     -|  -7.30|      923|  9.230e+03|        71|        -|    13|        no|        -|   -|          -|            -|    -|
    | o VITIS_LOOP_25_1                     |    II|  -7.30|       32|    320.000|         4|        4|     8|       yes|        -|   -|          -|            -|    -|
    | o VITIS_LOOP_36_1                     |     -|  -7.30|       32|    320.000|         2|        1|    32|       yes|        -|   -|          -|            -|    -|
    +---------------------------------------+------+-------+---------+-----------+----------+---------+------+----------+---------+----+-----------+-------------+-----+

